| Expressions.java:5:9:5:18 | toString(...) |
| Expressions.java:9:9:9:13 | ...=... |
| Expressions.java:10:9:10:11 | ...++ |
| Expressions.java:11:9:11:20 | new Object(...) |
| Expressions.java:14:9:14:28 | clone(...) |
| Expressions.java:17:18:17:23 | i1 |
| Expressions.java:17:35:17:38 | ...++ |
| Expressions.java:19:13:19:25 | doSomething(...) |
| Expressions.java:27:24:27:33 | toString(...) |
| Expressions.java:40:28:40:37 | toString(...) |
| Expressions.java:42:13:42:22 | toString(...) |
| Expressions.java:48:23:48:36 | toString(...) |
