| Test.java:8:20:8:25 | equals | Checks $@ for unrelated type $@ | Test.java:10:13:10:32 | ...instanceof... | here | Test.java:2:18:2:22 | Other | Other |
| Test.java:8:20:8:25 | equals | Checks $@ for unrelated type $@ | Test.java:11:13:11:42 | ...instanceof... | here | Test.java:3:18:3:29 | OtherGeneric | OtherGeneric |
| Test.java:8:20:8:25 | equals | Checks $@ for unrelated type $@ | Test.java:12:13:12:41 | ... == ... | here | Test.java:2:18:2:22 | Other | Other |
