| Test.java:44:25:44:30 | Public | Inherits field $@ from non-publicly visible type $@ | Test.java:17:26:17:26 | f | f | Test.java:8:26:8:39 | Implementation | Implementation |
| Test.java:44:25:44:30 | Public | Inherits member type $@ from non-publicly visible type $@ | Test.java:13:29:13:34 | Nested | Nested | Test.java:8:26:8:39 | Implementation | Implementation |
| Test.java:44:25:44:30 | Public | Inherits method $@ from non-publicly visible type $@ | Test$Generic.class:0:0:0:0 | genericDoSomething | genericDoSomething() | Test.java:39:23:39:29 | Generic | Generic |
| Test.java:44:25:44:30 | Public | Inherits method $@ from non-publicly visible type $@ | Test.java:3:24:3:33 | baseMethod | baseMethod() | Test.java:2:26:2:43 | BaseImplementation | BaseImplementation |
| Test.java:44:25:44:30 | Public | Inherits method $@ from non-publicly visible type $@ | Test.java:4:24:4:43 | overriddenBaseMethod | overriddenBaseMethod() | Test.java:2:26:2:43 | BaseImplementation | BaseImplementation |
| Test.java:44:25:44:30 | Public | Inherits method $@ from non-publicly visible type $@ | Test.java:5:24:5:62 | visibilityIncreasedOverriddenBaseMethod | visibilityIncreasedOverriddenBaseMethod() | Test.java:2:26:2:43 | BaseImplementation | BaseImplementation |
| Test.java:44:25:44:30 | Public | Inherits method $@ from non-publicly visible type $@ | Test.java:21:24:21:34 | doSomething | doSomething() | Test.java:8:26:8:39 | Implementation | Implementation |
| Test.java:44:25:44:30 | Public | Inherits method $@ from non-publicly visible type $@ | Test.java:33:21:33:59 | visibilityIncreasedOverriddenBaseMethod | visibilityIncreasedOverriddenBaseMethod() | Test.java:8:26:8:39 | Implementation | Implementation |
| Test.java:44:25:44:30 | Public | Inherits method $@ from non-publicly visible type $@ | Test.java:36:31:36:42 | staticMethod | staticMethod() | Test.java:8:26:8:39 | Implementation | Implementation |
| Test.java:44:25:44:30 | Public | Inherits method $@ from non-publicly visible type $@ | Test.java:40:22:40:39 | genericDoSomething | genericDoSomething() | Test.java:39:23:39:29 | Generic | Generic |
| Test.java:66:25:66:57 | PublicExtendingTransitivelyPublic | Inherits method $@ from non-publicly visible type $@ | Test.java:61:24:61:37 | internalMethod | internalMethod() | Test.java:54:26:54:54 | ImplementationExtendingPublic | ImplementationExtendingPublic |
| Test.java:78:25:78:36 | PublicSimple | Inherits method $@ from non-publicly visible type $@ | Test.java:73:21:73:31 | doSomething | doSomething() | Test.java:72:26:72:38 | PrivateSimple | PrivateSimple |
| Test.java:89:25:89:51 | PublicExtendingPublicSimple | Inherits method $@ from non-publicly visible type $@ | Test.java:73:21:73:31 | doSomething | doSomething() | Test.java:72:26:72:38 | PrivateSimple | PrivateSimple |
| Test.java:96:25:96:63 | PublicTransitivelyExtendingPublicSimple | Inherits method $@ from non-publicly visible type $@ | Test.java:73:21:73:31 | doSomething | doSomething() | Test.java:72:26:72:38 | PrivateSimple | PrivateSimple |
