| Test.java:19:13:19:51 | comparing(...) | Should use 'comparingInt' to avoid boxing |
| Test.java:20:13:20:46 | thenComparing(...) | Should use 'thenComparingInt' to avoid boxing |
| Test.java:22:13:22:52 | comparing(...) | Should use 'comparingInt' to avoid boxing |
| Test.java:23:13:23:47 | thenComparing(...) | Should use 'thenComparingInt' to avoid boxing |
| Test.java:25:13:25:51 | comparing(...) | Should use 'comparingInt' to avoid boxing |
| Test.java:26:13:26:46 | thenComparing(...) | Should use 'thenComparingInt' to avoid boxing |
| Test.java:28:13:28:50 | comparing(...) | Should use 'comparingInt' to avoid boxing |
| Test.java:29:13:29:45 | thenComparing(...) | Should use 'thenComparingInt' to avoid boxing |
| Test.java:31:13:31:51 | comparing(...) | Should use 'comparingLong' to avoid boxing |
| Test.java:32:13:32:46 | thenComparing(...) | Should use 'thenComparingLong' to avoid boxing |
| Test.java:34:13:34:52 | comparing(...) | Should use 'comparingDouble' to avoid boxing |
| Test.java:35:13:35:47 | thenComparing(...) | Should use 'thenComparingDouble' to avoid boxing |
| Test.java:37:13:37:53 | comparing(...) | Should use 'comparingDouble' to avoid boxing |
| Test.java:38:13:38:48 | thenComparing(...) | Should use 'thenComparingDouble' to avoid boxing |
| Test.java:53:13:53:50 | comparing(...) | Should use 'comparingInt' to avoid boxing |
| Test.java:54:13:57:10 | comparing(...) | Should use 'comparingInt' to avoid boxing |
| Test.java:58:13:64:10 | comparing(...) | Should use 'comparingInt' to avoid boxing |
| Test.java:65:13:65:45 | thenComparing(...) | Should use 'thenComparingInt' to avoid boxing |
| Test.java:66:13:69:10 | thenComparing(...) | Should use 'thenComparingInt' to avoid boxing |
| Test.java:70:13:76:10 | thenComparing(...) | Should use 'thenComparingInt' to avoid boxing |
| Test.java:78:13:78:51 | comparing(...) | Should use 'comparingInt' to avoid boxing |
| Test.java:79:13:79:46 | thenComparing(...) | Should use 'thenComparingInt' to avoid boxing |
| Test.java:81:13:81:50 | comparing(...) | Should use 'comparingInt' to avoid boxing |
| Test.java:82:13:82:45 | thenComparing(...) | Should use 'thenComparingInt' to avoid boxing |
| Test.java:84:13:84:49 | comparing(...) | Should use 'comparingInt' to avoid boxing |
| Test.java:85:13:85:44 | thenComparing(...) | Should use 'thenComparingInt' to avoid boxing |
| Test.java:87:13:87:50 | comparing(...) | Should use 'comparingLong' to avoid boxing |
| Test.java:88:13:88:45 | thenComparing(...) | Should use 'thenComparingLong' to avoid boxing |
| Test.java:90:13:90:51 | comparing(...) | Should use 'comparingDouble' to avoid boxing |
| Test.java:91:13:91:46 | thenComparing(...) | Should use 'thenComparingDouble' to avoid boxing |
| Test.java:93:13:93:52 | comparing(...) | Should use 'comparingDouble' to avoid boxing |
| Test.java:94:13:94:47 | thenComparing(...) | Should use 'thenComparingDouble' to avoid boxing |
