| Test.java:2:4:2:20 | <code>test</code> | Uses  HTML element '<code>test</code>' instead of Javadoc tag {@code ...} |
| Test.java:3:4:3:20 | <cOdE>test</CoDe> | Uses  HTML element '<cOdE>test</CoDe>' instead of Javadoc tag {@code ...} |
| Test.java:4:4:4:16 | <code></code> | Uses  HTML element '<code></code>' instead of Javadoc tag {@code ...} |
