| Test.java:14:13:14:29 | new TypeToken<String>(...) { ... } | Captures non-parameterized type String; should instead directly use that type and not use TypeToken |
| Test.java:15:13:15:27 | new TypeToken<List<>>(...) { ... } | Captures non-parameterized type List<>; should instead directly use that type and not use TypeToken |
