| Test.java:4:13:4:23 | 0xFFFF_FFFF | Literal uses more bits than target type byte |
| Test.java:5:13:5:23 | 0Xffff_ffff | Literal uses more bits than target type byte |
| Test.java:6:13:6:23 | 0xFFFF_FF80 | Literal uses more bits than target type byte |
| Test.java:7:13:7:27 | 0_377_7777_7777 | Literal uses more bits than target type byte |
| Test.java:8:13:8:27 | 0_377_7777_7600 | Literal uses more bits than target type byte |
| Test.java:9:13:9:53 | 0b1111_1111_1111_1111_1111_1111_1111_1111 | Literal uses more bits than target type byte |
| Test.java:10:13:10:53 | 0B1111_1111_1111_1111_1111_1111_1111_1111 | Literal uses more bits than target type byte |
| Test.java:11:13:11:53 | 0b1111_1111_1111_1111_1111_1111_1000_0000 | Literal uses more bits than target type byte |
| Test.java:12:26:12:36 | 0xFFFF_FFFF | Literal uses more bits than target type Byte |
| Test.java:15:13:15:23 | 0xFFFF_FFFF | Literal uses more bits than target type short |
| Test.java:16:13:16:23 | 0Xffff_ffff | Literal uses more bits than target type short |
| Test.java:17:13:17:23 | 0xFFFF_8000 | Literal uses more bits than target type short |
| Test.java:18:13:18:27 | 0_377_7777_7777 | Literal uses more bits than target type short |
| Test.java:19:13:19:27 | 0_377_7770_0000 | Literal uses more bits than target type short |
| Test.java:20:13:20:53 | 0b1111_1111_1111_1111_1111_1111_1111_1111 | Literal uses more bits than target type short |
| Test.java:21:13:21:53 | 0B1111_1111_1111_1111_1111_1111_1111_1111 | Literal uses more bits than target type short |
| Test.java:22:13:22:53 | 0b1111_1111_1111_1111_1000_0000_0000_0000 | Literal uses more bits than target type short |
| Test.java:23:28:23:38 | 0xFFFF_FFFF | Literal uses more bits than target type Short |
