| Test.java:3:21:3:22 | 40 | Uses int literal instead of char literal for printable ASCII char '(' |
| Test.java:6:16:6:18 | 126 | Uses int literal instead of char literal for printable ASCII char '~' |
| Test.java:10:16:10:17 | 32 | Uses int literal instead of char literal for printable ASCII char ' ' |
